current directory: /home/unitx/Desktop/Paresh/github/4-legends.github.io/vendor/bundle/ruby/3.1.0/gems/commonmarker-0.23.11/ext/commonmarker
/home/unitx/.rvm/rubies/ruby-3.1.0/bin/ruby -I /home/unitx/.rvm/rubies/ruby-3.1.0/lib/ruby/3.1.0 -r ./siteconf20250403-32412-9f7msj.rb extconf.rb
creating Makefile

current directory: /home/unitx/Desktop/Paresh/github/4-legends.github.io/vendor/bundle/ruby/3.1.0/gems/commonmarker-0.23.11/ext/commonmarker
make DESTDIR\= clean

current directory: /home/unitx/Desktop/Paresh/github/4-legends.github.io/vendor/bundle/ruby/3.1.0/gems/commonmarker-0.23.11/ext/commonmarker
make DESTDIR\=
compiling arena.c
compiling autolink.c
compiling blocks.c
blocks.c: In function ‘cmark_parser_finish’:
blocks.c:1540:5: warning: "CMARK_DEBUG_NODES" is not defined, evaluates to 0 [-Wundef]
 1540 | #if CMARK_DEBUG_NODES
      |     ^~~~~~~~~~~~~~~~~
blocks.c: At top level:
cc1: warning: unrecognized command line option ‘-Wno-self-assign’
cc1: warning: unrecognized command line option ‘-Wno-parentheses-equality’
cc1: warning: unrecognized command line option ‘-Wno-constant-logical-operand’
compiling buffer.c
compiling cmark.c
compiling cmark_ctype.c
compiling commonmark.c
compiling commonmarker.c
In file included from houdini.h:9,
                 from commonmarker.c:3:
config.h:8: warning: "HAVE_STDBOOL_H" redefined
    8 | #define HAVE_STDBOOL_H
      | 
In file included from /home/unitx/.rvm/rubies/ruby-3.1.0/include/ruby-3.1.0/ruby/internal/config.h:22,
                 from /home/unitx/.rvm/rubies/ruby-3.1.0/include/ruby-3.1.0/ruby/ruby.h:15,
                 from /home/unitx/.rvm/rubies/ruby-3.1.0/include/ruby-3.1.0/ruby.h:38,
                 from commonmarker.h:9,
                 from commonmarker.c:1:
/home/unitx/.rvm/rubies/ruby-3.1.0/include/ruby-3.1.0/x86_64-linux/ruby/config.h:26: note: this is the location of the previous definition
   26 | #define HAVE_STDBOOL_H 1
      | 
commonmarker.c: In function ‘commonmarker_cstr_adopt’:
commonmarker.c:50:43: warning: passing argument 1 of ‘cmark_get_default_mem_allocator()->free’ discards ‘const’ qualifier from pointer target type [-Wdiscarded-qualifiers]
   50 |   cmark_get_default_mem_allocator()->free(str);
      |                                           ^~~
commonmarker.c:50:43: note: expected ‘void *’ but argument is of type ‘const char *’
commonmarker.c: At top level:
cc1: warning: unrecognized command line option ‘-Wno-self-assign’
cc1: warning: unrecognized command line option ‘-Wno-parentheses-equality’
cc1: warning: unrecognized command line option ‘-Wno-constant-logical-operand’
compiling core-extensions.c
compiling ext_scanners.c
compiling footnotes.c
compiling houdini_href_e.c
compiling houdini_html_e.c
compiling houdini_html_u.c
compiling html.c
compiling inlines.c
compiling iterator.c
compiling latex.c
compiling linked_list.c
compiling man.c
compiling map.c
compiling node.c
compiling plaintext.c
compiling plugin.c
compiling references.c
compiling registry.c
compiling render.c
compiling scanners.c
compiling strikethrough.c
compiling syntax_extension.c
compiling table.c
compiling tagfilter.c
compiling tasklist.c
compiling utf8.c
compiling xml.c
linking shared-object commonmarker/commonmarker.so

current directory: /home/unitx/Desktop/Paresh/github/4-legends.github.io/vendor/bundle/ruby/3.1.0/gems/commonmarker-0.23.11/ext/commonmarker
make DESTDIR\= install
/usr/bin/install -m 0755 commonmarker.so ./.gem.20250403-32412-zbnoxt/commonmarker
