current directory: /home/unitx/Desktop/Paresh/github/4-legends.github.io/vendor/bundle/ruby/3.1.0/gems/http_parser.rb-0.8.0/ext/ruby_http_parser
/home/unitx/.rvm/rubies/ruby-3.1.0/bin/ruby -I /home/unitx/.rvm/rubies/ruby-3.1.0/lib/ruby/3.1.0 -r ./siteconf20250403-32412-6b4tz.rb extconf.rb
creating Makefile

current directory: /home/unitx/Desktop/Paresh/github/4-legends.github.io/vendor/bundle/ruby/3.1.0/gems/http_parser.rb-0.8.0/ext/ruby_http_parser
make DESTDIR\= clean

current directory: /home/unitx/Desktop/Paresh/github/4-legends.github.io/vendor/bundle/ruby/3.1.0/gems/http_parser.rb-0.8.0/ext/ruby_http_parser
make DESTDIR\=
compiling ruby_http_parser.c
ruby_http_parser.c: In function ‘Parser_execute’:
ruby_http_parser.c:365:17: warning: comparison of integer expressions of different signedness: ‘size_t’ {aka ‘long unsigned int’} and ‘long int’ [-Wsign-compare]
  365 |     if (nparsed < len)
      |                 ^
ruby_http_parser.c: At top level:
cc1: warning: unrecognized command line option ‘-Wno-self-assign’
cc1: warning: unrecognized command line option ‘-Wno-parentheses-equality’
cc1: warning: unrecognized command line option ‘-Wno-constant-logical-operand’
compiling ryah_http_parser.c
linking shared-object ruby_http_parser.so

current directory: /home/unitx/Desktop/Paresh/github/4-legends.github.io/vendor/bundle/ruby/3.1.0/gems/http_parser.rb-0.8.0/ext/ruby_http_parser
make DESTDIR\= install
/usr/bin/install -m 0755 ruby_http_parser.so ./.gem.20250403-32412-ra25vj
